// Jest Snapshot v1, https://goo.gl/fbAQLP

exports[`Button component Button renders correctly 1`] = `
<View
  accessibilityState={
    {
      "busy": undefined,
      "checked": undefined,
      "disabled": false,
      "expanded": undefined,
      "selected": undefined,
    }
  }
  accessibilityValue={
    {
      "max": undefined,
      "min": undefined,
      "now": undefined,
      "text": undefined,
    }
  }
  accessible={true}
  collapsable={false}
  focusable={true}
  onBlur={[Function]}
  onClick={[Function]}
  onFocus={[Function]}
  onResponderGrant={[Function]}
  onResponderMove={[Function]}
  onResponderRelease={[Function]}
  onResponderTerminate={[Function]}
  onResponderTerminationRequest={[Function]}
  onStartShouldSetResponder={[Function]}
  style={
    [
      {
        "alignItems": "center",
        "borderRadius": 100,
        "justifyContent": "center",
      },
      {
        "height": 80,
        "width": 80,
      },
      undefined,
      {
        "backgroundColor": "#ffffff",
      },
    ]
  }
>
  <Text
    style={
      [
        {
          "fontWeight": "600",
          "textAlign": "center",
        },
        {
          "fontSize": 16,
        },
      ]
    }
  >
    vampire
  </Text>
</View>
`;
